  .   ____          _            __ _ _
 /\\ / ___'_ __ _ _(_)_ __  __ _ \ \ \ \
( ( )\___ | '_ | '_| | '_ \/ _` | \ \ \ \
 \\/  ___)| |_)| | | | | || (_| |  ) ) ) )
  '  |____| .__|_| |_|_| |_\__, | / / / /
 =========|_|==============|___/=/_/_/_/

 :: Spring Boot ::                (v3.3.0)

2026-01-13T21:52:45.518-05:00  INFO 23580 --- [LovelyCats] [           main] m.lovelycats.LovelyCatsApplication       : Starting LovelyCatsApplication v0.0.1-SNAPSHOT using Java 17.0.17 with PID 23580 (C:\Users\migue\Dev\LovelyCats\target\LovelyCats-0.0.1-SNAPSHOT.jar started by migue in C:\Users\migue\Dev\LovelyCats)
2026-01-13T21:52:45.535-05:00  INFO 23580 --- [LovelyCats] [           main] m.lovelycats.LovelyCatsApplication       : No active profile set, falling back to 1 default profile: "default"
2026-01-13T21:52:48.087-05:00  INFO 23580 --- [LovelyCats] [           main] .s.d.r.c.RepositoryConfigurationDelegate : Bootstrapping Spring Data JPA repositories in DEFAULT mode.
2026-01-13T21:52:48.209-05:00  INFO 23580 --- [LovelyCats] [           main] .s.d.r.c.RepositoryConfigurationDelegate : Finished Spring Data repository scanning in 107 ms. Found 4 JPA repository interfaces.
2026-01-13T21:52:51.291-05:00  INFO 23580 --- [LovelyCats] [           main] o.s.b.w.embedded.tomcat.TomcatWebServer  : Tomcat initialized with port 8080 (http)
2026-01-13T21:52:51.338-05:00  INFO 23580 --- [LovelyCats] [           main] o.apache.catalina.core.StandardService   : Starting service [Tomcat]
2026-01-13T21:52:51.338-05:00  INFO 23580 --- [LovelyCats] [           main] o.apache.catalina.core.StandardEngine    : Starting Servlet engine: [Apache Tomcat/10.1.24]
2026-01-13T21:52:51.614-05:00  INFO 23580 --- [LovelyCats] [           main] o.a.c.c.C.[Tomcat].[localhost].[/]       : Initializing Spring embedded WebApplicationContext
2026-01-13T21:52:51.621-05:00  INFO 23580 --- [LovelyCats] [           main] w.s.c.ServletWebServerApplicationContext : Root WebApplicationContext: initialization completed in 5819 ms
2026-01-13T21:52:52.679-05:00  INFO 23580 --- [LovelyCats] [           main] o.hibernate.jpa.internal.util.LogHelper  : HHH000204: Processing PersistenceUnitInfo [name: default]
2026-01-13T21:52:53.209-05:00  INFO 23580 --- [LovelyCats] [           main] org.hibernate.Version                    : HHH000412: Hibernate ORM core version 6.5.2.Final
2026-01-13T21:52:53.378-05:00  INFO 23580 --- [LovelyCats] [           main] o.h.c.internal.RegionFactoryInitiator    : HHH000026: Second-level cache disabled
2026-01-13T21:52:55.812-05:00  INFO 23580 --- [LovelyCats] [           main] o.s.o.j.p.SpringPersistenceUnitInfo      : No LoadTimeWeaver setup: ignoring JPA class transformer
2026-01-13T21:52:56.180-05:00  INFO 23580 --- [LovelyCats] [           main] com.zaxxer.hikari.HikariDataSource       : HikariPool-1 - Starting...
2026-01-13T21:52:58.314-05:00  INFO 23580 --- [LovelyCats] [           main] com.zaxxer.hikari.pool.HikariPool        : HikariPool-1 - Added connection org.postgresql.jdbc.PgConnection@2154652c
2026-01-13T21:52:58.318-05:00  INFO 23580 --- [LovelyCats] [           main] com.zaxxer.hikari.HikariDataSource       : HikariPool-1 - Start completed.
2026-01-13T21:52:58.818-05:00  WARN 23580 --- [LovelyCats] [           main] org.hibernate.orm.deprecation            : HHH90000025: PostgreSQLDialect does not need to be specified explicitly using 'hibernate.dialect' (remove the property setting and it will be selected by default)
2026-01-13T21:53:03.468-05:00  INFO 23580 --- [LovelyCats] [           main] o.h.e.t.j.p.i.JtaPlatformInitiator       : HHH000489: No JTA platform available (set 'hibernate.transaction.jta.platform' to enable JTA platform integration)
Hibernate: alter table if exists users_roles drop constraint if exists FKj6m8fwv7oqv74fcehir1a9ffy
Hibernate: alter table if exists users_roles drop constraint if exists FK2o0jvgh89lemvvo17cbqvdxaa
Hibernate: drop table if exists pet cascade
Hibernate: drop table if exists productos cascade
Hibernate: drop table if exists roles cascade
Hibernate: drop table if exists users cascade
Hibernate: drop table if exists users_roles cascade
Hibernate: create table pet (age integer not null, adoption_date timestamp(6), id bigint generated by default as identity, description varchar(255), gender varchar(255), image varchar(255), name_pet varchar(255), status varchar(255), user_name varchar(255), primary key (id))
Hibernate: create table productos (id integer generated by default as identity, price bigint, description varchar(255), image varchar(255), name_product varchar(255), user_name varchar(255), primary key (id))
Hibernate: create table roles (id bigint generated by default as identity, rol_nombre varchar(255), primary key (id))
Hibernate: create table users (id bigint generated by default as identity, email varchar(255), first_name varchar(255), last_name varchar(255), password varchar(255), primary key (id), unique (email))
Hibernate: create table users_roles (role_id bigint not null, user_id bigint not null)
Hibernate: alter table if exists users_roles add constraint FKj6m8fwv7oqv74fcehir1a9ffy foreign key (role_id) references roles
Hibernate: alter table if exists users_roles add constraint FK2o0jvgh89lemvvo17cbqvdxaa foreign key (user_id) references users
2026-01-13T21:53:03.958-05:00  INFO 23580 --- [LovelyCats] [           main] j.LocalContainerEntityManagerFactoryBean : Initialized JPA EntityManagerFactory for persistence unit 'default'
2026-01-13T21:53:05.617-05:00  INFO 23580 --- [LovelyCats] [           main] eAuthenticationProviderManagerConfigurer : Global AuthenticationManager configured with AuthenticationProvider bean with name authenticationProvider
2026-01-13T21:53:05.618-05:00  WARN 23580 --- [LovelyCats] [           main] r$InitializeUserDetailsManagerConfigurer : Global AuthenticationManager configured with an AuthenticationProvider bean. UserDetailsService beans will not be used for username/password login. Consider removing the AuthenticationProvider bean. Alternatively, consider using the UserDetailsService in a manually instantiated DaoAuthenticationProvider.
2026-01-13T21:53:07.248-05:00  INFO 23580 --- [LovelyCats] [           main] o.s.s.web.DefaultSecurityFilterChain     : Will secure any request with [org.springframework.security.web.session.DisableEncodeUrlFilter@188532da, org.springframework.security.web.context.request.async.WebAsyncManagerIntegrationFilter@f10927f, org.springframework.security.web.context.SecurityContextHolderFilter@1d7f0cd0, org.springframework.security.web.header.HeaderWriterFilter@3fe21d0e, org.springframework.web.filter.CorsFilter@7e4c0bc7, org.springframework.security.web.csrf.CsrfFilter@281028ce, org.springframework.security.web.authentication.logout.LogoutFilter@2be208db, org.springframework.security.web.authentication.UsernamePasswordAuthenticationFilter@43c64d6f, org.springframework.security.web.savedrequest.RequestCacheAwareFilter@113e6e06, org.springframework.security.web.servletapi.SecurityContextHolderAwareRequestFilter@f9979cf, org.springframework.security.web.authentication.AnonymousAuthenticationFilter@36570936, org.springframework.security.web.access.ExceptionTranslationFilter@4c57ca10, org.springframework.security.web.access.intercept.AuthorizationFilter@638e8194]
2026-01-13T21:53:07.267-05:00  WARN 23580 --- [LovelyCats] [           main] o.s.s.c.a.web.builders.WebSecurity       : You are asking Spring Security to ignore Mvc [pattern='/css/**']. This is not recommended -- please use permitAll via HttpSecurity#authorizeHttpRequests instead.
2026-01-13T21:53:07.267-05:00  INFO 23580 --- [LovelyCats] [           main] o.s.s.web.DefaultSecurityFilterChain     : Will not secure Mvc [pattern='/css/**']
2026-01-13T21:53:07.269-05:00  WARN 23580 --- [LovelyCats] [           main] o.s.s.c.a.web.builders.WebSecurity       : You are asking Spring Security to ignore Mvc [pattern='/js/**']. This is not recommended -- please use permitAll via HttpSecurity#authorizeHttpRequests instead.
2026-01-13T21:53:07.269-05:00  INFO 23580 --- [LovelyCats] [           main] o.s.s.web.DefaultSecurityFilterChain     : Will not secure Mvc [pattern='/js/**']
2026-01-13T21:53:07.269-05:00  WARN 23580 --- [LovelyCats] [           main] o.s.s.c.a.web.builders.WebSecurity       : You are asking Spring Security to ignore Mvc [pattern='/img/**']. This is not recommended -- please use permitAll via HttpSecurity#authorizeHttpRequests instead.
2026-01-13T21:53:07.269-05:00  INFO 23580 --- [LovelyCats] [           main] o.s.s.web.DefaultSecurityFilterChain     : Will not secure Mvc [pattern='/img/**']
2026-01-13T21:53:07.269-05:00  WARN 23580 --- [LovelyCats] [           main] o.s.s.c.a.web.builders.WebSecurity       : You are asking Spring Security to ignore Mvc [pattern='/lib/**']. This is not recommended -- please use permitAll via HttpSecurity#authorizeHttpRequests instead.
2026-01-13T21:53:07.269-05:00  INFO 23580 --- [LovelyCats] [           main] o.s.s.web.DefaultSecurityFilterChain     : Will not secure Mvc [pattern='/lib/**']
2026-01-13T21:53:07.269-05:00  WARN 23580 --- [LovelyCats] [           main] o.s.s.c.a.web.builders.WebSecurity       : You are asking Spring Security to ignore Mvc [pattern='/webjars/**']. This is not recommended -- please use permitAll via HttpSecurity#authorizeHttpRequests instead.
2026-01-13T21:53:07.269-05:00  INFO 23580 --- [LovelyCats] [           main] o.s.s.web.DefaultSecurityFilterChain     : Will not secure Mvc [pattern='/webjars/**']
2026-01-13T21:53:07.269-05:00  WARN 23580 --- [LovelyCats] [           main] o.s.s.c.a.web.builders.WebSecurity       : You are asking Spring Security to ignore Mvc [pattern='/uploads/**']. This is not recommended -- please use permitAll via HttpSecurity#authorizeHttpRequests instead.
2026-01-13T21:53:07.269-05:00  INFO 23580 --- [LovelyCats] [           main] o.s.s.web.DefaultSecurityFilterChain     : Will not secure Mvc [pattern='/uploads/**']
2026-01-13T21:53:08.492-05:00  INFO 23580 --- [LovelyCats] [           main] o.s.b.w.embedded.tomcat.TomcatWebServer  : Tomcat started on port 8080 (http) with context path '/'
2026-01-13T21:53:08.523-05:00  INFO 23580 --- [LovelyCats] [           main] m.lovelycats.LovelyCatsApplication       : Started LovelyCatsApplication in 24.448 seconds (process running for 25.257)
Hibernate: select u1_0.id,u1_0.email,u1_0.first_name,u1_0.last_name,u1_0.password from users u1_0 where u1_0.email=?
Hibernate: select r1_0.id,r1_0.rol_nombre from roles r1_0 where r1_0.rol_nombre=?
Hibernate: insert into roles (rol_nombre) values (?) returning id
Hibernate: insert into users (email,first_name,last_name,password) values (?,?,?,?) returning id
2026-01-13T21:53:10.608-05:00  INFO 23580 --- [LovelyCats] [           main] .s.b.a.l.ConditionEvaluationReportLogger : 

Error starting ApplicationContext. To display the condition evaluation report re-run your application with 'debug' enabled.
2026-01-13T21:53:10.668-05:00 ERROR 23580 --- [LovelyCats] [           main] o.s.boot.SpringApplication               : Application run failed

org.springframework.dao.InvalidDataAccessApiUsageException: detached entity passed to persist: miguel.lovelycats.userol.Role
	at org.springframework.orm.jpa.vendor.HibernateJpaDialect.convertHibernateAccessException(HibernateJpaDialect.java:310) ~[spring-orm-6.1.8.jar!/:6.1.8]
	at org.springframework.orm.jpa.vendor.HibernateJpaDialect.translateExceptionIfPossible(HibernateJpaDialect.java:244) ~[spring-orm-6.1.8.jar!/:6.1.8]
	at org.springframework.orm.jpa.AbstractEntityManagerFactoryBean.translateExceptionIfPossible(AbstractEntityManagerFactoryBean.java:550) ~[spring-orm-6.1.8.jar!/:6.1.8]
	at org.springframework.dao.support.ChainedPersistenceExceptionTranslator.translateExceptionIfPossible(ChainedPersistenceExceptionTranslator.java:61) ~[spring-tx-6.1.8.jar!/:6.1.8]
	at org.springframework.dao.support.DataAccessUtils.translateIfNecessary(DataAccessUtils.java:335) ~[spring-tx-6.1.8.jar!/:6.1.8]
	at org.springframework.dao.support.PersistenceExceptionTranslationInterceptor.invoke(PersistenceExceptionTranslationInterceptor.java:152) ~[spring-tx-6.1.8.jar!/:6.1.8]
	at org.springframework.aop.framework.ReflectiveMethodInvocation.proceed(ReflectiveMethodInvocation.java:184) ~[spring-aop-6.1.8.jar!/:6.1.8]
	at org.springframework.data.jpa.repository.support.CrudMethodMetadataPostProcessor$CrudMethodMetadataPopulatingMethodInterceptor.invoke(CrudMethodMetadataPostProcessor.java:165) ~[spring-data-jpa-3.3.0.jar!/:3.3.0]
	at org.springframework.aop.framework.ReflectiveMethodInvocation.proceed(ReflectiveMethodInvocation.java:184) ~[spring-aop-6.1.8.jar!/:6.1.8]
	at org.springframework.aop.interceptor.ExposeInvocationInterceptor.invoke(ExposeInvocationInterceptor.java:97) ~[spring-aop-6.1.8.jar!/:6.1.8]
	at org.springframework.aop.framework.ReflectiveMethodInvocation.proceed(ReflectiveMethodInvocation.java:184) ~[spring-aop-6.1.8.jar!/:6.1.8]
	at org.springframework.aop.framework.JdkDynamicAopProxy.invoke(JdkDynamicAopProxy.java:223) ~[spring-aop-6.1.8.jar!/:6.1.8]
	at jdk.proxy2/jdk.proxy2.$Proxy128.save(Unknown Source) ~[na:na]
	at miguel.lovelycats.userol.UserService.createDefaultAdmin(UserService.java:57) ~[!/:0.0.1-SNAPSHOT]
	at miguel.lovelycats.LovelyCatsApplication.lambda$init$0(LovelyCatsApplication.java:19) ~[!/:0.0.1-SNAPSHOT]
	at org.springframework.boot.SpringApplication.lambda$callRunner$5(SpringApplication.java:790) ~[spring-boot-3.3.0.jar!/:3.3.0]
	at org.springframework.util.function.ThrowingConsumer$1.acceptWithException(ThrowingConsumer.java:83) ~[spring-core-6.1.8.jar!/:6.1.8]
	at org.springframework.util.function.ThrowingConsumer.accept(ThrowingConsumer.java:60) ~[spring-core-6.1.8.jar!/:6.1.8]
	at org.springframework.util.function.ThrowingConsumer$1.accept(ThrowingConsumer.java:88) ~[spring-core-6.1.8.jar!/:6.1.8]
	at org.springframework.boot.SpringApplication.callRunner(SpringApplication.java:798) ~[spring-boot-3.3.0.jar!/:3.3.0]
	at org.springframework.boot.SpringApplication.callRunner(SpringApplication.java:789) ~[spring-boot-3.3.0.jar!/:3.3.0]
	at org.springframework.boot.SpringApplication.lambda$callRunners$3(SpringApplication.java:774) ~[spring-boot-3.3.0.jar!/:3.3.0]
	at java.base/java.util.stream.ForEachOps$ForEachOp$OfRef.accept(ForEachOps.java:183) ~[na:na]
	at java.base/java.util.stream.SortedOps$SizedRefSortingSink.end(SortedOps.java:357) ~[na:na]
	at java.base/java.util.stream.AbstractPipeline.copyInto(AbstractPipeline.java:510) ~[na:na]
	at java.base/java.util.stream.AbstractPipeline.wrapAndCopyInto(AbstractPipeline.java:499) ~[na:na]
	at java.base/java.util.stream.ForEachOps$ForEachOp.evaluateSequential(ForEachOps.java:150) ~[na:na]
	at java.base/java.util.stream.ForEachOps$ForEachOp$OfRef.evaluateSequential(ForEachOps.java:173) ~[na:na]
	at java.base/java.util.stream.AbstractPipeline.evaluate(AbstractPipeline.java:234) ~[na:na]
	at java.base/java.util.stream.ReferencePipeline.forEach(ReferencePipeline.java:596) ~[na:na]
	at org.springframework.boot.SpringApplication.callRunners(SpringApplication.java:774) ~[spring-boot-3.3.0.jar!/:3.3.0]
	at org.springframework.boot.SpringApplication.run(SpringApplication.java:342) ~[spring-boot-3.3.0.jar!/:3.3.0]
	at org.springframework.boot.SpringApplication.run(SpringApplication.java:1363) ~[spring-boot-3.3.0.jar!/:3.3.0]
	at org.springframework.boot.SpringApplication.run(SpringApplication.java:1352) ~[spring-boot-3.3.0.jar!/:3.3.0]
	at miguel.lovelycats.LovelyCatsApplication.main(LovelyCatsApplication.java:13) ~[!/:0.0.1-SNAPSHOT]
	at java.base/jdk.internal.reflect.NativeMethodAccessorImpl.invoke0(Native Method) ~[na:na]
	at java.base/jdk.internal.reflect.NativeMethodAccessorImpl.invoke(NativeMethodAccessorImpl.java:77) ~[na:na]
	at java.base/jdk.internal.reflect.DelegatingMethodAccessorImpl.invoke(DelegatingMethodAccessorImpl.java:43) ~[na:na]
	at java.base/java.lang.reflect.Method.invoke(Method.java:569) ~[na:na]
	at org.springframework.boot.loader.launch.Launcher.launch(Launcher.java:91) ~[LovelyCats-0.0.1-SNAPSHOT.jar:0.0.1-SNAPSHOT]
	at org.springframework.boot.loader.launch.Launcher.launch(Launcher.java:53) ~[LovelyCats-0.0.1-SNAPSHOT.jar:0.0.1-SNAPSHOT]
	at org.springframework.boot.loader.launch.JarLauncher.main(JarLauncher.java:58) ~[LovelyCats-0.0.1-SNAPSHOT.jar:0.0.1-SNAPSHOT]
Caused by: org.hibernate.PersistentObjectException: detached entity passed to persist: miguel.lovelycats.userol.Role
	at org.hibernate.event.internal.DefaultPersistEventListener.persist(DefaultPersistEventListener.java:88) ~[hibernate-core-6.5.2.Final.jar!/:6.5.2.Final]
	at org.hibernate.event.internal.DefaultPersistEventListener.onPersist(DefaultPersistEventListener.java:77) ~[hibernate-core-6.5.2.Final.jar!/:6.5.2.Final]
	at org.hibernate.event.service.internal.EventListenerGroupImpl.fireEventOnEachListener(EventListenerGroupImpl.java:138) ~[hibernate-core-6.5.2.Final.jar!/:6.5.2.Final]
	at org.hibernate.internal.SessionImpl.firePersist(SessionImpl.java:799) ~[hibernate-core-6.5.2.Final.jar!/:6.5.2.Final]
	at org.hibernate.internal.SessionImpl.persist(SessionImpl.java:747) ~[hibernate-core-6.5.2.Final.jar!/:6.5.2.Final]
	at org.hibernate.engine.spi.CascadingActions$7.cascade(CascadingActions.java:290) ~[hibernate-core-6.5.2.Final.jar!/:6.5.2.Final]
	at org.hibernate.engine.spi.CascadingActions$7.cascade(CascadingActions.java:280) ~[hibernate-core-6.5.2.Final.jar!/:6.5.2.Final]
	at org.hibernate.engine.internal.Cascade.cascadeToOne(Cascade.java:517) ~[hibernate-core-6.5.2.Final.jar!/:6.5.2.Final]
	at org.hibernate.engine.internal.Cascade.cascadeAssociation(Cascade.java:439) ~[hibernate-core-6.5.2.Final.jar!/:6.5.2.Final]
	at org.hibernate.engine.internal.Cascade.cascadeProperty(Cascade.java:224) ~[hibernate-core-6.5.2.Final.jar!/:6.5.2.Final]
	at org.hibernate.engine.internal.Cascade.cascadeCollectionElements(Cascade.java:551) ~[hibernate-core-6.5.2.Final.jar!/:6.5.2.Final]
	at org.hibernate.engine.internal.Cascade.cascadeCollection(Cascade.java:481) ~[hibernate-core-6.5.2.Final.jar!/:6.5.2.Final]
	at org.hibernate.engine.internal.Cascade.cascadeAssociation(Cascade.java:442) ~[hibernate-core-6.5.2.Final.jar!/:6.5.2.Final]
	at org.hibernate.engine.internal.Cascade.cascadeProperty(Cascade.java:224) ~[hibernate-core-6.5.2.Final.jar!/:6.5.2.Final]
	at org.hibernate.engine.internal.Cascade.cascade(Cascade.java:157) ~[hibernate-core-6.5.2.Final.jar!/:6.5.2.Final]
	at org.hibernate.event.internal.AbstractSaveEventListener.cascadeAfterSave(AbstractSaveEventListener.java:518) ~[hibernate-core-6.5.2.Final.jar!/:6.5.2.Final]
	at org.hibernate.event.internal.AbstractSaveEventListener.performSaveOrReplicate(AbstractSaveEventListener.java:317) ~[hibernate-core-6.5.2.Final.jar!/:6.5.2.Final]
	at org.hibernate.event.internal.AbstractSaveEventListener.performSave(AbstractSaveEventListener.java:224) ~[hibernate-core-6.5.2.Final.jar!/:6.5.2.Final]
	at org.hibernate.event.internal.AbstractSaveEventListener.saveWithGeneratedId(AbstractSaveEventListener.java:137) ~[hibernate-core-6.5.2.Final.jar!/:6.5.2.Final]
	at org.hibernate.event.internal.DefaultPersistEventListener.entityIsTransient(DefaultPersistEventListener.java:175) ~[hibernate-core-6.5.2.Final.jar!/:6.5.2.Final]
	at org.hibernate.event.internal.DefaultPersistEventListener.persist(DefaultPersistEventListener.java:93) ~[hibernate-core-6.5.2.Final.jar!/:6.5.2.Final]
	at org.hibernate.event.internal.DefaultPersistEventListener.onPersist(DefaultPersistEventListener.java:77) ~[hibernate-core-6.5.2.Final.jar!/:6.5.2.Final]
	at org.hibernate.event.internal.DefaultPersistEventListener.onPersist(DefaultPersistEventListener.java:54) ~[hibernate-core-6.5.2.Final.jar!/:6.5.2.Final]
	at org.hibernate.event.service.internal.EventListenerGroupImpl.fireEventOnEachListener(EventListenerGroupImpl.java:127) ~[hibernate-core-6.5.2.Final.jar!/:6.5.2.Final]
	at org.hibernate.internal.SessionImpl.firePersist(SessionImpl.java:757) ~[hibernate-core-6.5.2.Final.jar!/:6.5.2.Final]
	at org.hibernate.internal.SessionImpl.persist(SessionImpl.java:741) ~[hibernate-core-6.5.2.Final.jar!/:6.5.2.Final]
	at java.base/jdk.internal.reflect.NativeMethodAccessorImpl.invoke0(Native Method) ~[na:na]
	at java.base/jdk.internal.reflect.NativeMethodAccessorImpl.invoke(NativeMethodAccessorImpl.java:77) ~[na:na]
	at java.base/jdk.internal.reflect.DelegatingMethodAccessorImpl.invoke(DelegatingMethodAccessorImpl.java:43) ~[na:na]
	at java.base/java.lang.reflect.Method.invoke(Method.java:569) ~[na:na]
	at org.springframework.orm.jpa.SharedEntityManagerCreator$SharedEntityManagerInvocationHandler.invoke(SharedEntityManagerCreator.java:319) ~[spring-orm-6.1.8.jar!/:6.1.8]
	at jdk.proxy2/jdk.proxy2.$Proxy121.persist(Unknown Source) ~[na:na]
	at org.springframework.data.jpa.repository.support.SimpleJpaRepository.save(SimpleJpaRepository.java:628) ~[spring-data-jpa-3.3.0.jar!/:3.3.0]
	at java.base/jdk.internal.reflect.NativeMethodAccessorImpl.invoke0(Native Method) ~[na:na]
	at java.base/jdk.internal.reflect.NativeMethodAccessorImpl.invoke(NativeMethodAccessorImpl.java:77) ~[na:na]
	at java.base/jdk.internal.reflect.DelegatingMethodAccessorImpl.invoke(DelegatingMethodAccessorImpl.java:43) ~[na:na]
	at java.base/java.lang.reflect.Method.invoke(Method.java:569) ~[na:na]
	at org.springframework.aop.support.AopUtils.invokeJoinpointUsingReflection(AopUtils.java:354) ~[spring-aop-6.1.8.jar!/:6.1.8]
	at org.springframework.data.repository.core.support.RepositoryMethodInvoker$RepositoryFragmentMethodInvoker.lambda$new$0(RepositoryMethodInvoker.java:277) ~[spring-data-commons-3.3.0.jar!/:3.3.0]
	at org.springframework.data.repository.core.support.RepositoryMethodInvoker.doInvoke(RepositoryMethodInvoker.java:170) ~[spring-data-commons-3.3.0.jar!/:3.3.0]
	at org.springframework.data.repository.core.support.RepositoryMethodInvoker.invoke(RepositoryMethodInvoker.java:158) ~[spring-data-commons-3.3.0.jar!/:3.3.0]
	at org.springframework.data.repository.core.support.RepositoryComposition$RepositoryFragments.invoke(RepositoryComposition.java:516) ~[spring-data-commons-3.3.0.jar!/:3.3.0]
	at org.springframework.data.repository.core.support.RepositoryComposition.invoke(RepositoryComposition.java:285) ~[spring-data-commons-3.3.0.jar!/:3.3.0]
	at org.springframework.data.repository.core.support.RepositoryFactorySupport$ImplementationMethodExecutionInterceptor.invoke(RepositoryFactorySupport.java:628) ~[spring-data-commons-3.3.0.jar!/:3.3.0]
	at org.springframework.aop.framework.ReflectiveMethodInvocation.proceed(ReflectiveMethodInvocation.java:184) ~[spring-aop-6.1.8.jar!/:6.1.8]
	at org.springframework.data.repository.core.support.QueryExecutorMethodInterceptor.doInvoke(QueryExecutorMethodInterceptor.java:168) ~[spring-data-commons-3.3.0.jar!/:3.3.0]
	at org.springframework.data.repository.core.support.QueryExecutorMethodInterceptor.invoke(QueryExecutorMethodInterceptor.java:143) ~[spring-data-commons-3.3.0.jar!/:3.3.0]
	at org.springframework.aop.framework.ReflectiveMethodInvocation.proceed(ReflectiveMethodInvocation.java:184) ~[spring-aop-6.1.8.jar!/:6.1.8]
	at org.springframework.data.projection.DefaultMethodInvokingMethodInterceptor.invoke(DefaultMethodInvokingMethodInterceptor.java:70) ~[spring-data-commons-3.3.0.jar!/:3.3.0]
	at org.springframework.aop.framework.ReflectiveMethodInvocation.proceed(ReflectiveMethodInvocation.java:184) ~[spring-aop-6.1.8.jar!/:6.1.8]
	at org.springframework.transaction.interceptor.TransactionInterceptor$1.proceedWithInvocation(TransactionInterceptor.java:123) ~[spring-tx-6.1.8.jar!/:6.1.8]
	at org.springframework.transaction.interceptor.TransactionAspectSupport.invokeWithinTransaction(TransactionAspectSupport.java:392) ~[spring-tx-6.1.8.jar!/:6.1.8]
	at org.springframework.transaction.interceptor.TransactionInterceptor.invoke(TransactionInterceptor.java:119) ~[spring-tx-6.1.8.jar!/:6.1.8]
	at org.springframework.aop.framework.ReflectiveMethodInvocation.proceed(ReflectiveMethodInvocation.java:184) ~[spring-aop-6.1.8.jar!/:6.1.8]
	at org.springframework.dao.support.PersistenceExceptionTranslationInterceptor.invoke(PersistenceExceptionTranslationInterceptor.java:137) ~[spring-tx-6.1.8.jar!/:6.1.8]
	... 36 common frames omitted

2026-01-13T21:53:11.148-05:00  INFO 23580 --- [LovelyCats] [           main] j.LocalContainerEntityManagerFactoryBean : Closing JPA EntityManagerFactory for persistence unit 'default'
2026-01-13T21:53:11.155-05:00  INFO 23580 --- [LovelyCats] [           main] com.zaxxer.hikari.HikariDataSource       : HikariPool-1 - Shutdown initiated...
2026-01-13T21:53:11.195-05:00  INFO 23580 --- [LovelyCats] [           main] com.zaxxer.hikari.HikariDataSource       : HikariPool-1 - Shutdown completed.
